// Jest Snapshot v1, https://goo.gl/fbAQLP

exports[`<Carousel /> matches snapshot 1`] = `
<div>
  <div
    class="css-view-175oi2r r-marginBottom-1ifxtd0"
  >
    <div
      class="css-text-146c3p1 r-fontSize-1ui5ee8 r-marginBottom-5oul0u"
      dir="auto"
      style="font-weight: 700; color: rgb(0, 0, 0);"
    >
      Featured Banners
    </div>
    <div
      class="css-text-146c3p1 r-fontSize-1x35g6"
      dir="auto"
      style="color: rgba(0, 0, 0, 0.8);"
    >
      Check out our latest promotions and updates!
    </div>
  </div>
  <div
    class="css-view-175oi2r r-flex-13awgt0 r-width-13qz1uu"
  >
    <div
      class="css-view-175oi2r r-alignItems-1awozwy r-flexDirection-18u37iz r-justifyContent-1777fci r-position-bnwqim r-width-13qz1uu"
    >
      <div
        class="css-view-175oi2r r-WebkitOverflowScrolling-150rngu r-flexDirection-18u37iz r-flexGrow-16y2uox r-flexShrink-1wbh5a2 r-overflowX-lltvgl r-overflowY-buy8e9 r-transform-agouwx r-scrollSnapType-mfh4gg r-overflow-1udh08x r-width-13qz1uu r-scrollbarWidth-2eszeu"
      >
        <div
          class="css-view-175oi2r r-flexDirection-18u37iz"
          style="width: 0px;"
        >
          <div
            class="css-view-175oi2r r-scrollSnapAlign-cpa5s6"
          >
            <div
              class="css-view-175oi2r"
              style="width: 0px;"
            >
              <button
                aria-disabled="true"
                aria-label="Second Banner"
                class="css-view-175oi2r r-pointerEvents-12vffkv r-alignItems-1awozwy r-flexDirection-18u37iz r-justifyContent-1wtj0ep r-maxWidth-q90dru r-overflow-1udh08x r-width-13qz1uu"
                data-testid="banner-tile"
                disabled=""
                role="button"
                style="background-color: rgb(248, 247, 252); border-top-left-radius: 20px; border-top-right-radius: 20px; border-bottom-right-radius: 20px; border-bottom-left-radius: 20px; opacity: 1;"
                tabindex="-1"
                type="button"
              >
                <div
                  class="css-view-175oi2r"
                  style="flex: 1;"
                >
                  <div
                    aria-label="Second Banner"
                    class="css-view-175oi2r"
                  >
                    <div
                      class="css-text-146c3p1 r-fontSize-1ui5ee8 r-fontWeight-b88u0q r-marginBottom-6gpygo"
                      data-testid="banner-tile-title"
                      dir="auto"
                      style="color: rgb(0, 0, 0);"
                    >
                      Second Banner
                    </div>
                  </div>
                  <div
                    aria-label="Second Banner Description"
                    class="css-view-175oi2r"
                    data-testid="banner-tile-description"
                  >
                    <div
                      class="css-text-146c3p1 r-fontSize-1i10wst r-marginBottom-zd98yo"
                      dir="auto"
                      style="color: rgb(51, 51, 51);"
                    >
                      Second Banner Description
                    </div>
                  </div>
                </div>
              </button>
            </div>
          </div>
          <div
            class="css-view-175oi2r r-scrollSnapAlign-cpa5s6"
          >
            <div
              class="css-view-175oi2r"
              style="width: 0px;"
            >
              <button
                aria-disabled="true"
                aria-label="First Banner"
                class="css-view-175oi2r r-pointerEvents-12vffkv r-alignItems-1awozwy r-flexDirection-18u37iz r-justifyContent-1wtj0ep r-maxWidth-q90dru r-overflow-1udh08x r-width-13qz1uu"
                data-testid="banner-tile"
                disabled=""
                role="button"
                style="background-color: rgb(248, 247, 252); border-top-left-radius: 20px; border-top-right-radius: 20px; border-bottom-right-radius: 20px; border-bottom-left-radius: 20px; opacity: 1;"
                tabindex="-1"
                type="button"
              >
                <div
                  class="css-view-175oi2r"
                  style="flex: 1;"
                >
                  <div
                    aria-label="First Banner"
                    class="css-view-175oi2r"
                  >
                    <div
                      class="css-text-146c3p1 r-fontSize-1ui5ee8 r-fontWeight-b88u0q r-marginBottom-6gpygo"
                      data-testid="banner-tile-title"
                      dir="auto"
                      style="color: rgb(0, 0, 0);"
                    >
                      First Banner
                    </div>
                  </div>
                  <div
                    aria-label="First Banner Description"
                    class="css-view-175oi2r"
                    data-testid="banner-tile-description"
                  >
                    <div
                      class="css-text-146c3p1 r-fontSize-1i10wst r-marginBottom-zd98yo"
                      dir="auto"
                      style="color: rgb(51, 51, 51);"
                    >
                      First Banner Description
                    </div>
                  </div>
                </div>
              </button>
            </div>
          </div>
        </div>
      </div>
      <button
        aria-label="Next slide"
        class="css-view-175oi2r r-cursor-1loqt21 r-touchAction-1otgn73 r-alignItems-1awozwy r-borderRadius-10jnvle r-height-ur6pnr r-justifyContent-1777fci r-position-u8s1d r-top-1v2oles r-transform-1cjvy6m r-width-1mhb1uw r-zIndex-184en5c r-right-1nalo6"
        role="button"
        style="background-color: rgb(240, 240, 240);"
        tabindex="0"
        type="button"
      >
        <div
          class="css-view-175oi2r"
        >
          <svg
            class="lucide lucide-arrow-right"
            fill="none"
            height="20"
            stroke="#392ed7"
            stroke-linecap="round"
            stroke-linejoin="round"
            stroke-width="2"
            viewBox="0 0 24 24"
            width="20"
            xmlns="http://www.w3.org/2000/svg"
          >
            <path
              d="M5 12h14"
            />
            <path
              d="m12 5 7 7-7 7"
            />
          </svg>
        </div>
      </button>
    </div>
    <div
      class="css-view-175oi2r r-flexDirection-18u37iz r-justifyContent-1777fci r-marginTop-11c0sde"
    >
      <div
        class="css-view-175oi2r r-borderRadius-1xfd6ze r-height-3da1kt r-marginInline-1537yvj"
        style="background-color: rgb(57, 46, 215); width: 30px;"
      />
      <div
        class="css-view-175oi2r r-borderRadius-1xfd6ze r-height-3da1kt r-marginInline-1537yvj"
        style="background-color: rgb(192, 192, 192); width: 8px;"
      />
    </div>
  </div>
</div>
`;
