// Jest Snapshot v1, https://goo.gl/fbAQLP

exports[`<Grid /> matches snapshot 1`] = `
<div>
  <div
    class="css-view-175oi2r"
  >
    <div
      class="css-view-175oi2r r-marginBottom-ku1wi2"
    >
      <div
        class="css-text-146c3p1 r-fontFamily-lhg2x6 r-fontSize-1x35g6 r-marginBottom-5oul0u"
        dir="auto"
        style="font-weight: 700; color: rgb(0, 0, 0);"
      >
        Profile
      </div>
      <div
        class="css-text-146c3p1 r-fontFamily-lhg2x6 r-fontSize-adyw6z"
        dir="auto"
        style="color: rgba(0, 0, 0, 0.8);"
      >
        Welcome to WLL Explorer! Find out more about our exciting loyalty program.
      </div>
    </div>
    <div
      class="css-view-175oi2r r-flexDirection-18u37iz r-flexWrap-1w6e6rj r-width-13qz1uu"
    >
      <div
        class="css-view-175oi2r"
        style="width: calc(50% - 8px); margin-bottom: 16px; margin-right: 16px;"
      >
        <div
          class="css-view-175oi2r r-flex-13awgt0 r-width-13qz1uu"
          data-testid="tile-container"
        >
          <div
            class="css-view-175oi2r r-flex-13awgt0 r-width-13qz1uu"
          >
            <article
              aria-label="Tile"
              class="css-view-175oi2r r-borderRadius-y47klf r-flex-13awgt0 r-height-1pi2tsx r-overflow-1udh08x r-position-bnwqim r-width-13qz1uu"
              role="article"
              style="background-color: rgb(248, 247, 252); flex-direction: column; justify-content: flex-start; align-items: stretch;"
            >
              <div
                class="css-view-175oi2r r-alignItems-1habvwh r-flexDirection-eqz5dr r-flexGrow-16y2uox r-justifyContent-1wtj0ep r-paddingBottom-kzbkwu r-paddingInline-3o4zer"
              >
                <div
                  aria-label="Badge title: Badge Title"
                  class="css-view-175oi2r"
                  data-testid="badge-tile-title"
                >
                  <h1
                    class="css-text-146c3p1 r-WebkitBoxOrient-8akbws r-display-krxsd3 r-maxWidth-dnmrzs r-overflow-1udh08x r-textOverflow-1udbk01 r-fontFamily-lhg2x6 r-marginBottom-5oul0u"
                    dir="auto"
                    role="heading"
                    style="color: rgb(0, 0, 0); font-size: 20px; font-weight: bold;"
                  >
                    Badge Title
                  </h1>
                </div>
                <div
                  aria-label="Badge description: Badge Description"
                  class="css-view-175oi2r"
                  data-testid="badge-tile-description"
                  style="width: 100%; overflow-x: hidden; overflow-y: hidden;"
                >
                  <div
                    class="css-text-146c3p1 r-WebkitBoxOrient-8akbws r-display-krxsd3 r-maxWidth-dnmrzs r-overflow-1udh08x r-textOverflow-1udbk01 r-fontFamily-lhg2x6"
                    dir="auto"
                    style="color: rgb(51, 51, 51); font-size: 14px;"
                  >
                    Badge Description
                  </div>
                </div>
                <div
                  class="css-view-175oi2r"
                  style="flex: 1;"
                />
                <div
                  aria-label="Badge earned on 27/01/2025"
                  aria-live="polite"
                  class="css-view-175oi2r r-alignItems-1awozwy r-alignSelf-k200y r-borderRadius-sdzlij r-flexDirection-18u37iz r-flexShrink-1wbh5a2 r-justifyContent-1777fci r-overflow-1udh08x r-paddingBlock-vuvdlw r-paddingInline-3o4zer"
                  data-testid="badge-tile-date-earned"
                  style="background-color: rgba(57, 46, 215, 0.1);"
                >
                  <div
                    class="css-text-146c3p1 r-maxWidth-dnmrzs r-overflow-1udh08x r-textOverflow-1udbk01 r-whiteSpace-3s2u2q r-wordWrap-1iln25a r-flexShrink-1wbh5a2 r-fontFamily-lhg2x6 r-fontSize-1enofrn r-fontWeight-16dba41 r-lineHeight-1cwl3u0"
                    dir="auto"
                    style="color: rgb(57, 46, 215);"
                  >
                    Earned on27/01/2025
                  </div>
                </div>
              </div>
            </article>
          </div>
        </div>
      </div>
    </div>
  </div>
</div>
`;
